Ôû▓ Next.js 16.1.6 (Turbopack)
- Environments: .env.local

npx : ÔÜá The 
"middleware" file 
convention is 
deprecated. Please 
use "proxy" instead. 
Learn more: https://n
extjs.org/docs/messag
es/middleware-to-prox
y
At line:1 char:1
+ npx next build > C:
\Dev\LaunchPath\build
_output.txt 2>&1
+ ~~~~~~~~~~~~~~~~~~~
~~~~~~~~~~~~~~~~~~~~~
~~~~~~~~~~~~~~~~
    + CategoryInfo   
           : NotSpe  
  cified: (ÔÜá The   
  "middle...lewar    
e-to-proxy:Strin    
g) [], RemoteExc    
eption
    + FullyQualified 
   ErrorId : Native  
  CommandError
 
  Creating an optimized production build ...
Ô£ô Compiled successfully in 3.4s
  Running TypeScript ...
  Collecting page data using 11 workers ...
  Generating static pages using 11 workers (0/14) ...
  Generating static pages using 11 workers (3/14) 
  Generating static pages using 11 workers (6/14) 
  Generating static pages using 11 workers (10/14) 
Ô£ô Generating static pages using 11 workers (14/14) in 341.6ms
  Finalizing page optimization ...

Route (app)
Ôöî Ôùï /
Ôö£ Ôùï /_not-found
Ôö£ ãÆ /api/demo/[systemId]/submit
Ôö£ ãÆ /api/health
Ôö£ ãÆ /api/me
Ôö£ ãÆ /api/systems/[systemId]/demo
Ôö£ ãÆ /api/systems/[systemId]/offer
Ôö£ ãÆ /dashboard
Ôö£ ãÆ /dashboard/settings
Ôö£ ãÆ /demo/[systemId]
Ôö£ ãÆ /login
Ôö£ ãÆ /onboarding
Ôö£ ãÆ /onboarding/complete
Ôö£ Ôùï /privacy-policy
Ôö£ Ôùï /signup
Ôö£ ãÆ /start
Ôö£ ãÆ /start/[systemId]
Ôöö Ôùï /terms-of-service


ãÆ Proxy (Middleware)

Ôùï  (Static)   prerendered as static content
ãÆ  (Dynamic)  server-rendered on demand

