src/components/DemoTemplate.tsx(275,58): error TS2322: Type '{ children: Element[]; delay: number; direction: "left"; className: string; }' is not assignable to type 'IntrinsicAttributes & { children: ReactNode; delay?: number | undefined; direction?: "none" | "left" | "right" | "up" | "down" | undefined; }'.
  Property 'className' does not exist on type 'IntrinsicAttributes & { children: ReactNode; delay?: number | undefined; direction?: "none" | "left" | "right" | "up" | "down" | undefined; }'.
src/components/DemoTemplate.tsx(419,56): error TS2322: Type '{ children: Element; delay: number; direction: "up"; className: string; }' is not assignable to type 'IntrinsicAttributes & { children: ReactNode; delay?: number | undefined; direction?: "none" | "left" | "right" | "up" | "down" | undefined; }'.
  Property 'className' does not exist on type 'IntrinsicAttributes & { children: ReactNode; delay?: number | undefined; direction?: "none" | "left" | "right" | "up" | "down" | undefined; }'.
